* Welcome to Adventure number 2: `pirate adventure`
by Alexis & Scott Adams, dedicated: Ted Heeren & Paul Sharland
Remember you can always ask for `help`.


The "roommaps" mod is installed. Room images will show current exits.

The "norandom" mod is installed. Random events will now always happen or never happen.

  +-------+  
  |       |  
  |       |  
  |       |  
  +-------+  
I'm in a Flat in london.

Obvious exits:
none!

You can see:
Flight of stairs
Sign says: `Bring *TREASURES* here, say: SCORE`
Bottle of rum
Rug
Safety sneakers
Sack of crackers

>TAKE RUM
OK

>WEAR SNEAKERS
OK

>TAKE CRACKERS
OK

>CLIMB STAIRS

  +-------+  
  |       |  
  |       |  
  | D     |  
  +-------+  
I'm in an alcove.

Obvious exits:
Down

You can see:
Open window
Books in a bookcase

>TAKE BOOK
There's a strange sound

>OPEN BOOK
OK
Something falls out

>READ BOOK
The book is in bad condtion but I can make out the title:
`Treasure Island`. There's a word written in blood in the
flyleaf: `YOHO` and a message:

`Long John Silver left 2 treasures on Treasure Island`

>ENTER PASSAGE

  +-------+  
  |       |  
--W       E--
  |       |  
  +-------+  
I'm in a secret passageway.

Obvious exits:
East West

>GO EAST

  +-------+  
  |       |  
--W       |  
  |       |  
  +-------+  
I'm in a musty attic.

Obvious exits:
West

You can see:
Pirate's duffel bag
Unlit torch
Rum bottle smashed into pieces.
Sign `Opposite of LIGHT is Unlight`

>TAKE TORCH
OK

>OPEN BAG
Something falls out

>LOOK

  +-------+  
  |       |  
--W       |  
  |       |  
  +-------+  
I'm in a musty attic.

Obvious exits:
West

You can see:
Pirate's duffel bag
Matches
Rum bottle smashed into pieces.
Sign `Opposite of LIGHT is Unlight`
OK
I see nothing special

>TAKE MATCHES
OK

>GO WEST

  +-------+  
  |       |  
--W       E--
  |       |  
  +-------+  
I'm in a secret passageway.

Obvious exits:
East West

>GO WEST

  +-------+  
  |       |  
  |       |  
  | D     |  
  +-------+  
I'm in an alcove.

Obvious exits:
Down

You can see:
Open window
Bookcase with secret passage beyond
Small advertising flyer

>GO WINDOW

  +-------+  
  |       |  
  |       |  
  |       |  
  +-------+  
I'M outside an open window
on the ledge of a very tall building.

Obvious exits:
none!

>SAY YOHO
Everything spins around and suddenly I'm elsewhere...

  +-------+  
  |       |  
  |       E--
  |       |  
  +-------+  
I'm in a sandy beach on a tropical isle.

Obvious exits:
East

You can see:
Small ship's keel and mast
Sand
Lagoon
Sign in the sand says:
`Welcome to Pirates Island, watch out for the tide!`

>DROP BOOK
OK

>DROP BOTTLE
OK

>DROP SNEAKERS
OK

>DROP CRACKERS
OK

>GO EAST

  +-------+  
  |       |  
--W       E--
  |       |  
  +-------+  
I'm in a meadow.

Obvious exits:
East West

You can see:
Mongoose
Grass shack

>GO EAST

  +-------+  
  |       |  
--W       |  
  |       |  
  +-------+  
I'm at the foot of a cave ridden hill, a pathway
leads on up to the top.

Obvious exits:
West

>GO PATH

  +-------+  
  |       |  
  |       |  
  | D     |  
  +-------+  
I'm on top of a hill. Below is Pirates Island. Across the sea
way off in the distance I see Treasure Island.

Obvious exits:
Down

You can see:
Rock wall with narrow crack in it

>LIGHT TORCH
Torch is lit

  +-------+  
  |       |  
  |       |  
  | D     |  
  +-------+  
I'm on top of a hill. Below is Pirates Island. Across the sea
way off in the distance I see Treasure Island.

Obvious exits:
Down

You can see:
Rock wall with narrow crack in it

>ENTER CRACK
It was a tight squeeze!

  +-------+  
  |       |  
--W       |  
  |       |  
  +-------+  
I'm in a large cavern.

Obvious exits:
West

You can see:
Pile of sails
Pile of precut lumber
Tool shed
Narrow crack in the rock

>TAKE SAILS
OK

>ENTER SHED

      |      
  +---N---+  
  |       |  
  |       |  
  |       |  
  +-------+  
I'm in a tool shed.

Obvious exits:
North

You can see:
Claw hammer
Shovel
Water wings

>TAKE HAMMER
OK

>WEAR WINGS
OK

>GO NORTH

  +-------+  
  |       |  
--W       |  
  |       |  
  +-------+  
I'm in a large cavern.

Obvious exits:
West

You can see:
Pile of precut lumber
Tool shed
Narrow crack in the rock

>GO CRACK

  +-------+  
  |       |  
  |       |  
  | D     |  
  +-------+  
I'm on top of a hill. Below is Pirates Island. Across the sea
way off in the distance I see Treasure Island.

Obvious exits:
Down

You can see:
Rock wall with narrow crack in it

>UNLIGHT TORCH
OK

  +-------+  
  |       |  
  |       |  
  | D     |  
  +-------+  
I'm on top of a hill. Below is Pirates Island. Across the sea
way off in the distance I see Treasure Island.

Obvious exits:
Down

You can see:
Rock wall with narrow crack in it

>GO DOWN

  +-------+  
  |       |  
--W       |  
  |       |  
  +-------+  
I'm at the foot of a cave ridden hill, a pathway
leads on up to the top.

Obvious exits:
West

>GO WEST

  +-------+  
  |       |  
--W       E--
  |       |  
  +-------+  
I'm in a meadow.

Obvious exits:
East West

You can see:
Mongoose
Grass shack

>GO WEST

  +-------+  
  |       |  
  |       E--
  |       |  
  +-------+  
I'm in a sandy beach on a tropical isle.

Obvious exits:
East

You can see:
Large blood soaked book
Small ship's keel and mast
Bottle of rum
Safety sneakers
Sand
Lagoon
Sign in the sand says:
`Welcome to Pirates Island, watch out for the tide!`
Sack of crackers

>DROP SAILS
OK

>DROP TORCH
OK

>DROP MATCHES
OK

>DROP WINGS
OK

>TAKE BOOK
OK

>WEAR SNEAKERS
OK

>SAY YOHO
Everything spins around and suddenly I'm elsewhere...

  +-------+  
  |       |  
  |       |  
  |       |  
  +-------+  
I'M outside an open window
on the ledge of a very tall building.

Obvious exits:
none!

>ENTER WINDOW

  +-------+  
  |       |  
  |       |  
  | D     |  
  +-------+  
I'm in an alcove.

Obvious exits:
Down

You can see:
Open window
Bookcase with secret passage beyond
Small advertising flyer

>GO DOWN

  +-------+  
  |       |  
  |       |  
  |       |  
  +-------+  
I'm in a Flat in london.

Obvious exits:
none!

You can see:
Flight of stairs
Sign says: `Bring *TREASURES* here, say: SCORE`
Rug

>REMOVE NAILS
OK

>TAKE RUG
OK
There's a strange sound

>LOOK

  +-------+  
  |       |  
  |       |  
  |       |  
  +-------+  
I'm in a Flat in london.

Obvious exits:
none!

You can see:
Flight of stairs
Sign says: `Bring *TREASURES* here, say: SCORE`
Ring of keys
OK
I see nothing special

>DROP RUG
OK

>TAKE KEYS
OK

>CLIMB STAIRS

  +-------+  
  |       |  
  |       |  
  | D     |  
  +-------+  
I'm in an alcove.

Obvious exits:
Down

You can see:
Open window
Bookcase with secret passage beyond
Small advertising flyer

>ENTER WINDOW

  +-------+  
  |       |  
  |       |  
  |       |  
  +-------+  
I'M outside an open window
on the ledge of a very tall building.

Obvious exits:
none!

>SAY YOHO
Everything spins around and suddenly I'm elsewhere...

  +-------+  
  |       |  
  |       E--
  |       |  
  +-------+  
I'm in a sandy beach on a tropical isle.

Obvious exits:
East

You can see:
Unlit torch
Matches
Small ship's keel and mast
Pile of sails
Bottle of rum
Sand
Lagoon
Water wings
Sign in the sand says:
`Welcome to Pirates Island, watch out for the tide!`
Sack of crackers

>DROP NAILS
OK

>DROP HAMMER
OK

>DROP BOOK
OK

>DROP SNEAKERS
OK

>GET BOTTLE
OK

>TAKE CRACKERS
OK

>GO EAST

  +-------+  
  |       |  
--W       E--
  |       |  
  +-------+  
I'm in a meadow.

Obvious exits:
East West

You can see:
Mongoose
Grass shack

>ENTER SHACK

  +-------+  
  |       |  
--W       |  
  |       |  
  +-------+  
I'm in a grass shack.

Obvious exits:
West

You can see:
Wicked looking pirate
Treasure chest
Parrot

>GIVE BOTTLE
OK
Pirate grabs rum and scuttles off chortling

>UNLOCK CHEST
Its open

>LOOK CHEST
There are a set of plans in it

>TAKE PLANS
OK

>LOOK CHEST
There's a map in it

>TAKE MAP
OK

>READ MAP
Its a map to Treasure Island. At the bottom it says:
`30 paces then dig!`

>TAKE PARROT
The Parrot crys:
`Pieces of eight`

>GO WEST

  +-------+  
  |       |  
--W       E--
  |       |  
  +-------+  
I'm in a meadow.

Obvious exits:
East West

You can see:
Mongoose
Grass shack

>GO WEST

  +-------+  
  |       |  
  |       E--
  |       |  
  +-------+  
I'm in a sandy beach on a tropical isle.

Obvious exits:
East

You can see:
Large blood soaked book
Unlit torch
Matches
Small ship's keel and mast
Pile of sails
Claw hammer
Nails
Safety sneakers
Sand
Lagoon
Water wings
Sign in the sand says:
`Welcome to Pirates Island, watch out for the tide!`

>DROP MAP
OK

>DROP PLANS
OK

>DROP CRACKERS
OK

>DROP PARROT
OK

>GET BOOK
OK

>WEAR SNEAKERS
OK

>SAY YOHO
Everything spins around and suddenly I'm elsewhere...

  +-------+  
  |       |  
  |       |  
  |       |  
  +-------+  
I'M outside an open window
on the ledge of a very tall building.

Obvious exits:
none!

>ENTER WINDOW

  +-------+  
  |       |  
  |       |  
  | D     |  
  +-------+  
I'm in an alcove.

Obvious exits:
Down

You can see:
Open window
Bookcase with secret passage beyond
Small advertising flyer

>ENTER PASSAGE

  +-------+  
  |       |  
--W       E--
  |       |  
  +-------+  
I'm in a secret passageway.

Obvious exits:
East West

>GO EAST

  +-------+  
  |       |  
--W       |  
  |       |  
  +-------+  
I'm in a musty attic.

Obvious exits:
West

You can see:
Pirate's duffel bag
Sleeping pirate
### NO EMPTY BOTTLE ###
Rum bottle smashed into pieces.
Sign `Opposite of LIGHT is Unlight`

>TAKE BOTTLE
I don't see that here.

>GO WEST

  +-------+  
  |       |  
--W       E--
  |       |  
  +-------+  
I'm in a secret passageway.

Obvious exits:
East West

>GO WEST

  +-------+  
  |       |  
  |       |  
  | D     |  
  +-------+  
I'm in an alcove.

Obvious exits:
Down

You can see:
Open window
Bookcase with secret passage beyond
Small advertising flyer

>GO WINDOW

  +-------+  
  |       |  
  |       |  
  |       |  
  +-------+  
I'M outside an open window
on the ledge of a very tall building.

Obvious exits:
none!

>SAY YOHO
Everything spins around and suddenly I'm elsewhere...

  +-------+  
  |       |  
  |       E--
  |       |  
  +-------+  
I'm in a sandy beach on a tropical isle.

Obvious exits:
East

You can see:
Unlit torch
Matches
Small ship's keel and mast
Pile of sails
Parrot
Set of plans
Claw hammer
Nails
Map
Sand
Lagoon
Water wings
Sign in the sand says:
`Welcome to Pirates Island, watch out for the tide!`
Sack of crackers

>DROP BOOK
OK

>DROP SNEAKERS
OK

>WEAR WINGS
OK

>GO TIDE

      |      
  +---N---+  
  |       |  
--W       E--
  |       |  
  +---S---+  
      |      
I'm in a shallow lagoon.
to the north is the ocean.

Obvious exits:
North South East West

You can see:
Rusty anchor
The tide is out

>GO NORTH

      |      
  +---N---+  
  |       |  
--W       E--
  |       |  
  +---S---+  
      |      
I'm in the ocean.

Obvious exits:
North South East West

You can see:
Fish
Salt water

>TAKE WATER
I've no container

>GET FISH
OK
Too dry, fish vanish.

>GO SOUTH

      |      
  +---N---+  
  |       |  
--W       E--
  |       |  
  +---S---+  
      |      
I'm in a shallow lagoon.
to the north is the ocean.

Obvious exits:
North South East West

You can see:
Rusty anchor
The tide is out

>GO SOUTH

  +-------+  
  |       |  
  |       E--
  |       |  
  +-------+  
I'm in a sandy beach on a tropical isle.

Obvious exits:
East

You can see:
Large blood soaked book
Unlit torch
Matches
Small ship's keel and mast
Pile of sails
Parrot
Set of plans
Claw hammer
Nails
Safety sneakers
Map
Sand
Lagoon
Sign in the sand says:
`Welcome to Pirates Island, watch out for the tide!`
Sack of crackers

>DROP WINGS
OK

>GET TORCH
OK

>TAKE MATCHES
OK

>GO EAST

  +-------+  
  |       |  
--W       E--
  |       |  
  +-------+  
I'm in a meadow.

Obvious exits:
East West

You can see:
Mongoose
Grass shack

>GO EAST

  +-------+  
  |       |  
--W       |  
  |       |  
  +-------+  
I'm at the foot of a cave ridden hill, a pathway
leads on up to the top.

Obvious exits:
West

>LIGHT TORCH
Torch is lit

  +-------+  
  |       |  
--W       |  
  |       |  
  +-------+  
I'm at the foot of a cave ridden hill, a pathway
leads on up to the top.

Obvious exits:
West

>ENTER CAVE

  +-------+  
  |       |  
--W       E--
  | D     |  
  +---S---+  
      |      
I'm in a maze of caves.

Obvious exits:
South East West Down

>CLIMB DOWN

  +-------+  
  |     U |  
  |       |  
  |       |  
  +-------+  
I'm in a pit.

Obvious exits:
Up

You can see:
Mean and hungry looking crocodiles
Locked door

>GIVE FISH
You aren't carrying that.

>DROP BOTTLE
You aren't carrying that.

>UNLOCK DOOR
Crocs stop me

>LOOK

  +-------+  
  |     U |  
  |       |  
  |       |  
  +-------+  
I'm in a pit.

Obvious exits:
Up

You can see:
Mean and hungry looking crocodiles
Locked door
OK
I see nothing special

>ENTER HALL

>GO EAST
Can't go that way.

>TAKE LUMBER
I don't see that here.

>ENTER SHED

>TAKE SHOVEL
I don't see that here.

>GO NORTH
Can't go that way.

>GO WEST
Can't go that way.

>ENTER PIT

>CLIMB UP

  +-------+  
  |       |  
--W       E--
  | D     |  
  +---S---+  
      |      
I'm in a maze of caves.

Obvious exits:
South East West Down

>GO WEST

  +-------+  
  |       |  
--W       |  
  |       |  
  +-------+  
I'm at the foot of a cave ridden hill, a pathway
leads on up to the top.

Obvious exits:
West

>UNLIGHT TORCH
OK
You can't see. It is too dark!

>GO WEST
You can't see. It is too dark!

>GO WEST
You can't see. It is too dark!

>DROP LUMBER
You aren't carrying that.

>LOOK TIDE
There's something there all right. Maybe I should
go there?
The tide is out

>GO TIDE
You can't see. It is too dark!
The tide is coming in
I'm underwater, I guess I don't swim well. Blub Blub...

>DIG
I've stored 0 treasures.
On a scale of 0 to 100 that rates a 0.
Since nothing is happening
