A voice BOOOOMS out:

Welcome to Adventure number: 1 `ADVENTURELAND`.
In this Adventure you're to find *TREASURES* & store them away.

To see how well you're doing say: `SCORE`
Remember you can always say `HELP`

The "roommaps" mod is installed. Room images will show current exits.

The "norandom" mod is installed. Random events will now always happen or never happen.

      |      
  +---N---+  
  |       |  
--W       E--
  |       |  
  +---S---+  
      |      
I'm in a forest.

Obvious exits:
North South East West

You can see:
Trees

>Go East

  +-------+  
  |       |  
--W       E--
  |       |  
  +---S---+  
      |      
I'm in a sunny meadow.

Obvious exits:
South East West

You can see:
Large sleeping dragon
Sign here says `In many cases mud is good. In others...`

>Go East

      |      
  +---N---+  
  |       |  
--W       |  
  |       |  
  +---S---+  
      |      
I'm on the shore of a lake.

Obvious exits:
North South West

You can see:
Water
*GOLDEN FISH*
Rusty axe (Magic word `BUNYON` on it)
Sign says `No swimming allowed here`

>Take Axe
OK

>Go North

  +-------+  
  |       |  
  |       |  
  |       |  
  +-------+  
I'm in a quick-sand bog.

Obvious exits:
none!

You can see:
*Small statue of a BLUE OX*

>Take Ox
OK

>Say Bunyon
Bunyon
Something I'm holding vibrates and...
You are carrying:
Nothing.

>Swim

      |      
  +---N---+  
  |       |  
--W       |  
  |       |  
  +---S---+  
      |      
I'm on the shore of a lake.

Obvious exits:
North South West

You can see:
Water
*GOLDEN FISH*
Sign says `No swimming allowed here`

>Go South

      |      
  +---N---+  
  |       |  
--W       |  
  |       |  
  +-------+  
I'm at the edge of a BOTTOMLESS hole.

Obvious exits:
North West

You can see:
Large outdoor Advertisement
Hole

>Go Hole

  +-------+  
  |     U |  
  |       |  
  | D     |  
  +-------+  
I'm on a ledge just below the rim of the BOTTOMLESS hole. I
don't think I want to go down.

Obvious exits:
Up Down

You can see:
Flint & steel

>Take Flint
OK

>Go Up

      |      
  +---N---+  
  |       |  
--W       |  
  |       |  
  +-------+  
I'm at the edge of a BOTTOMLESS hole.

Obvious exits:
North West

You can see:
Large outdoor Advertisement
Hole

>Go West

      |      
  +---N---+  
  |       |  
--W       E--
  |       |  
  +-------+  
I'm in a dismal swamp.

Obvious exits:
North East West

You can see:
Cypress tree
Evil smelling mud
Swamp gas
Patches of `OILY` slime
Chiggers

>Go West

      |      
  +---N---+  
  |       |  
  |       E--
  |       |  
  +-------+  
I'm in a hidden grove.

Obvious exits:
North East

You can see:
Rusty axe (Magic word `BUNYON` on it)
*JEWELED FRUIT*
*Small statue of a BLUE OX*
Sign says `Paul's place`

>Take Axe
OK

>Take Fruit
OK

>Take Ox
OK

>Go East

      |      
  +---N---+  
  |       |  
--W       E--
  |       |  
  +-------+  
I'm in a dismal swamp.

Obvious exits:
North East West

You can see:
Cypress tree
Evil smelling mud
Swamp gas
Patches of `OILY` slime
Chiggers

>Climb Tree

  +-------+  
  |       |  
  |       |  
  | D     |  
  +-------+  
I'm in a top of a tall cypress tree.

Obvious exits:
Down

You can see:
Spider web with writing on it
Ring of skeleton keys

>Take Keys
OK

>Go Down

      |      
  +---N---+  
  |       |  
--W       E--
  |       |  
  +-------+  
I'm in a dismal swamp.

Obvious exits:
North East West

You can see:
Cypress tree
Evil smelling mud
Swamp gas
Patches of `OILY` slime
Chiggers

>Cut Tree
TIMBER!

>Go Stump

  +-------+  
  |     U |  
  |       |  
  | D     |  
  +-------+  
I'm in a damp hollow stump in the swamp.

Obvious exits:
Up Down

You can see:
Old fashioned brass lamp
Water in bottle
Sign `Leave *TREASURES* here, then say: SCORE`

>Drop Axe
OK

>Drop Fruit
OK

>Drop Ox
OK

>Rub Lamp
A glowing Genie appears, drops somehting, then vanishes.

>Rub Lamp
A glowing Genie appears, drops somehting, then vanishes.

>Take Lamp
OK

>Go Down

  +-------+  
  |     U |  
  |       |  
  |       |  
  +-------+  
I'm in a root chamber under the stump.

Obvious exits:
Up

You can see:
Dark hole
*Pot of RUBIES*

>Take Rubies
OK

>Go Up

  +-------+  
  |     U |  
  |       |  
  | D     |  
  +-------+  
I'm in a damp hollow stump in the swamp.

Obvious exits:
Up Down

You can see:
Rusty axe (Magic word `BUNYON` on it)
Water in bottle
Sign `Leave *TREASURES* here, then say: SCORE`
*JEWELED FRUIT*
*Small statue of a BLUE OX*
*DIAMOND RING*
*DIAMOND BRACELET*

>Drop Rubies
OK

>Go Down

  +-------+  
  |     U |  
  |       |  
  |       |  
  +-------+  
I'm in a root chamber under the stump.

Obvious exits:
Up

You can see:
Dark hole

>Go Hole

  +-------+  
  |     U |  
  |       |  
  |       |  
  +-------+  
I'm in a semi-dark hole by the root chamber.

Obvious exits:
Up

You can see:
Locked door

>Open Door

  +-------+  
  |     U |  
  |       |  
  |       |  
  +-------+  
I'm in a semi-dark hole by the root chamber.

Obvious exits:
Up

You can see:
Open door with a hallway beyond

>Drop Keys
OK

>Light Lamp
Lamp burns with a cold flameless blue glow.

  +-------+  
  |     U |  
  |       |  
  |       |  
  +-------+  
I'm in a semi-dark hole by the root chamber.

Obvious exits:
Up

You can see:
Ring of skeleton keys
Open door with a hallway beyond

>Go Hall

  +-------+  
  |     U |  
  |       |  
  | D     |  
  +-------+  
I'm in a long down sloping hall.

Obvious exits:
Up Down

>Go Down

      |      
  +---N---+  
  |     U |  
--W       |  
  | D     |  
  +---S---+  
      |      
I'm in a large cavern.

Obvious exits:
North South West Up Down

>Go Down

      |      
  +---N---+  
  |       |  
  |       E--
  | D     |  
  +---S---+  
      |      
I'm in a maze of pits.

Obvious exits:
North South East Down

You can see:
Sign here says `Opposite of LIGHT is UNLIGHT`

>Go Down

  +-------+  
  |     U |  
--W       |  
  |       |  
  +-------+  
I'm in a maze of pits.

Obvious exits:
West Up

>Go West

      |      
  +---N---+  
  |     U |  
--W       E--
  | D     |  
  +---S---+  
      |      
I'm in a maze of pits.

Obvious exits:
North South East West Up Down

You can see:
Strange scratchings on rock says: `ALADIN was here`

>Go Down

      |      
  +---N---+  
  |     U |  
--W       E--
  | D     |  
  +---S---+  
      |      
I'm in a maze of pits.

Obvious exits:
North South East West Up Down

You can see:
*Thick PERSIAN RUG*
Arrow pointing down

>Take Rug
OK

>Go Down

  +-------+  
  |     U |  
  |       |  
  |       |  
  +-------+  
I'm at the bottom of a very deep chasm. High above me is
a pair of ledges. One has a bricked up window across its face
the other faces a Throne-room.

Obvious exits:
Up

You can see:
*GOLDEN NET*
Sign: `magic word's AWAY! Look la...`
(Rest of sign is missing!)
Stream of lava

>Take Net
OK

>Say Away
Something I'm holding vibrates and...

      |      
  +---N---+  
  |     U |  
--W       E--
  | D     |  
  +---S---+  
      |      
I'm in a maze of pits.

Obvious exits:
North South East West Up Down

You can see:
Arrow pointing down

>Say Away
Something I'm holding vibrates and...

  +-------+  
  |       |  
--W       E--
  |       |  
  +---S---+  
      |      
I'm in a sunny meadow.

Obvious exits:
South East West

You can see:
Large sleeping dragon
Sign here says `In many cases mud is good. In others...`

>Unlight Lamp
OK
Lamp is off

  +-------+  
  |       |  
--W       E--
  |       |  
  +---S---+  
      |      
I'm in a sunny meadow.

Obvious exits:
South East West

You can see:
Large sleeping dragon
Sign here says `In many cases mud is good. In others...`

>Go South

      |      
  +---N---+  
  |       |  
--W       E--
  |       |  
  +-------+  
I'm in a dismal swamp.

Obvious exits:
North East West

You can see:
-HOLLOW- stump and remains of a felled tree
Evil smelling mud
Swamp gas
Patches of `OILY` slime
Chiggers

>Go Stump

  +-------+  
  |     U |  
  |       |  
  | D     |  
  +-------+  
I'm in a damp hollow stump in the swamp.

Obvious exits:
Up Down

You can see:
*Pot of RUBIES*
Rusty axe (Magic word `BUNYON` on it)
Water in bottle
Sign `Leave *TREASURES* here, then say: SCORE`
*JEWELED FRUIT*
*Small statue of a BLUE OX*
*DIAMOND RING*
*DIAMOND BRACELET*

>Take Bottle
OK

>Go Up

      |      
  +---N---+  
  |       |  
--W       E--
  |       |  
  +-------+  
I'm in a dismal swamp.

Obvious exits:
North East West

You can see:
-HOLLOW- stump and remains of a felled tree
Evil smelling mud
Swamp gas
Patches of `OILY` slime
Chiggers

>Go East

      |      
  +---N---+  
  |       |  
--W       |  
  |       |  
  +-------+  
I'm at the edge of a BOTTOMLESS hole.

Obvious exits:
North West

You can see:
Large outdoor Advertisement
Hole

>Go North

      |      
  +---N---+  
  |       |  
--W       |  
  |       |  
  +---S---+  
      |      
I'm on the shore of a lake.

Obvious exits:
North South West

You can see:
Water
*GOLDEN FISH*
Sign says `No swimming allowed here`

>Catch Fish
OK

>Go South

      |      
  +---N---+  
  |       |  
--W       |  
  |       |  
  +-------+  
I'm at the edge of a BOTTOMLESS hole.

Obvious exits:
North West

You can see:
Large outdoor Advertisement
Hole

>Go West

      |      
  +---N---+  
  |       |  
--W       E--
  |       |  
  +-------+  
I'm in a dismal swamp.

Obvious exits:
North East West

You can see:
-HOLLOW- stump and remains of a felled tree
Evil smelling mud
Swamp gas
Patches of `OILY` slime
Chiggers

>Go Stump

  +-------+  
  |     U |  
  |       |  
  | D     |  
  +-------+  
I'm in a damp hollow stump in the swamp.

Obvious exits:
Up Down

You can see:
*Pot of RUBIES*
Rusty axe (Magic word `BUNYON` on it)
Sign `Leave *TREASURES* here, then say: SCORE`
*JEWELED FRUIT*
*Small statue of a BLUE OX*
*DIAMOND RING*
*DIAMOND BRACELET*

>Drop Fish
OK

>Drop Net
OK

>Drop Bottle
OK

>Go Down

  +-------+  
  |     U |  
  |       |  
  |       |  
  +-------+  
I'm in a root chamber under the stump.

Obvious exits:
Up

You can see:
Dark hole

>Go Hole

  +-------+  
  |     U |  
  |       |  
  |       |  
  +-------+  
I'm in a semi-dark hole by the root chamber.

Obvious exits:
Up

You can see:
Ring of skeleton keys
Open door with a hallway beyond

>Light Lamp
Lamp burns with a cold flameless blue glow.

  +-------+  
  |     U |  
  |       |  
  |       |  
  +-------+  
I'm in a semi-dark hole by the root chamber.

Obvious exits:
Up

You can see:
Ring of skeleton keys
Open door with a hallway beyond

>Go Hall

  +-------+  
  |     U |  
  |       |  
  | D     |  
  +-------+  
I'm in a long down sloping hall.

Obvious exits:
Up Down

>Go Down

      |      
  +---N---+  
  |     U |  
--W       |  
  | D     |  
  +---S---+  
      |      
I'm in a large cavern.

Obvious exits:
North South West Up Down

>Go South

      |      
  +---N---+  
  |     U |  
  |       |  
  |       |  
  +-------+  
I'm in a royal anteroom.

Obvious exits:
North Up

You can see:
Empty wine bladder

>Take Bladder
OK

>Go North

      |      
  +---N---+  
  |     U |  
--W       |  
  | D     |  
  +---S---+  
      |      
I'm in a large cavern.

Obvious exits:
North South West Up Down

>Go Up

  +-------+  
  |     U |  
  |       |  
  | D     |  
  +-------+  
I'm in a long down sloping hall.

Obvious exits:
Up Down

>Go Up

  +-------+  
  |     U |  
  |       |  
  |       |  
  +-------+  
I'm in a semi-dark hole by the root chamber.

Obvious exits:
Up

You can see:
Ring of skeleton keys
Open door with a hallway beyond

>Go Up

  +-------+  
  |     U |  
  |       |  
  |       |  
  +-------+  
I'm in a root chamber under the stump.

Obvious exits:
Up

You can see:
Dark hole

>Go Up

  +-------+  
  |     U |  
  |       |  
  | D     |  
  +-------+  
I'm in a damp hollow stump in the swamp.

Obvious exits:
Up Down

You can see:
*Pot of RUBIES*
*GOLDEN FISH*
Rusty axe (Magic word `BUNYON` on it)
Water in bottle
Sign `Leave *TREASURES* here, then say: SCORE`
*GOLDEN NET*
*JEWELED FRUIT*
*Small statue of a BLUE OX*
*DIAMOND RING*
*DIAMOND BRACELET*

>Go Up

      |      
  +---N---+  
  |       |  
--W       E--
  |       |  
  +-------+  
I'm in a dismal swamp.

Obvious exits:
North East West

You can see:
-HOLLOW- stump and remains of a felled tree
Evil smelling mud
Swamp gas
Patches of `OILY` slime
Chiggers

>Take Gas
OK

>Go Stump

  +-------+  
  |     U |  
  |       |  
  | D     |  
  +-------+  
I'm in a damp hollow stump in the swamp.

Obvious exits:
Up Down

You can see:
*Pot of RUBIES*
*GOLDEN FISH*
Rusty axe (Magic word `BUNYON` on it)
Water in bottle
Sign `Leave *TREASURES* here, then say: SCORE`
*GOLDEN NET*
*JEWELED FRUIT*
*Small statue of a BLUE OX*
*DIAMOND RING*
*DIAMOND BRACELET*

>Go Down

  +-------+  
  |     U |  
  |       |  
  |       |  
  +-------+  
I'm in a root chamber under the stump.

Obvious exits:
Up

You can see:
Dark hole

>Go Hole

  +-------+  
  |     U |  
  |       |  
  |       |  
  +-------+  
I'm in a semi-dark hole by the root chamber.

Obvious exits:
Up

You can see:
Ring of skeleton keys
Open door with a hallway beyond

>Go Hall

  +-------+  
  |     U |  
  |       |  
  | D     |  
  +-------+  
I'm in a long down sloping hall.

Obvious exits:
Up Down

>Go Down

      |      
  +---N---+  
  |     U |  
--W       |  
  | D     |  
  +---S---+  
      |      
I'm in a large cavern.

Obvious exits:
North South West Up Down

>Go South

      |      
  +---N---+  
  |     U |  
  |       |  
  |       |  
  +-------+  
I'm in a royal anteroom.

Obvious exits:
North Up

>Go Up

  +-------+  
  |       |  
  |       |  
  | D     |  
  +-------+  
I'm in a royal chamber.

Obvious exits:
Down

You can see:
Bricked up window

>Drop Bladder
OK

>Ignite Gas
Gas bladder blew up

  +-------+  
  |       |  
  |       |  
  | D     |  
  +-------+  
I'm in a royal chamber.

Obvious exits:
Down

You can see:
Bricked up window with a hole in it
Loose fire bricks

>Go Hole

  +-------+  
  |       |  
--W       |  
  |       |  
  +-------+  
I'm on a narrow ledge by a chasm. Across the chasm is
the Throne-room.

Obvious exits:
West

>Jump

  +-------+  
  |       |  
  |       |  
  |       |  
  +-------+  
I'm on a narrow ledge by a Throne-room
Across the chasm is another ledge.

Obvious exits:
none!

You can see:
Very thin black bear
*MAGIC MIRROR*

>Scream
Bear is so startled that he FELL off the ledge!

>Take Mirror
OK

>Go Throne

  +-------+  
  |       |  
--W       |  
  |       |  
  +-------+  
I'm in a throne room.

Obvious exits:
West

You can see:
*GOLD CROWN*

>Take Crown
OK

>Go West

  +-------+  
  |       |  
  |       |  
  |       |  
  +-------+  
I'm on a narrow ledge by a Throne-room
Across the chasm is another ledge.

Obvious exits:
none!

>Jump

  +-------+  
  |       |  
--W       |  
  |       |  
  +-------+  
I'm on a narrow ledge by a chasm. Across the chasm is
the Throne-room.

Obvious exits:
West

>Go West

  +-------+  
  |       |  
  |       |  
  | D     |  
  +-------+  
I'm in a royal chamber.

Obvious exits:
Down

You can see:
Bricked up window with a hole in it
Loose fire bricks

>Take Bricks
OK
Its heavy!

>Go Down

      |      
  +---N---+  
  |     U |  
  |       |  
  |       |  
  +-------+  
I'm in a royal anteroom.

Obvious exits:
North Up

>Go North

      |      
  +---N---+  
  |     U |  
--W       |  
  | D     |  
  +---S---+  
      |      
I'm in a large cavern.

Obvious exits:
North South West Up Down

>Go Up

  +-------+  
  |     U |  
  |       |  
  | D     |  
  +-------+  
I'm in a long down sloping hall.

Obvious exits:
Up Down

>Go Up

  +-------+  
  |     U |  
  |       |  
  |       |  
  +-------+  
I'm in a semi-dark hole by the root chamber.

Obvious exits:
Up

You can see:
Ring of skeleton keys
Open door with a hallway beyond

>Go Up

  +-------+  
  |     U |  
  |       |  
  |       |  
  +-------+  
I'm in a root chamber under the stump.

Obvious exits:
Up

You can see:
Dark hole

>Go Up

  +-------+  
  |     U |  
  |       |  
  | D     |  
  +-------+  
I'm in a damp hollow stump in the swamp.

Obvious exits:
Up Down

You can see:
*Pot of RUBIES*
*GOLDEN FISH*
Rusty axe (Magic word `BUNYON` on it)
Water in bottle
Sign `Leave *TREASURES* here, then say: SCORE`
*GOLDEN NET*
*JEWELED FRUIT*
*Small statue of a BLUE OX*
*DIAMOND RING*
*DIAMOND BRACELET*

>Drop Crown
OK

>Drop Rug
OK

>Drop Mirror
Mirror lands softly on rug, lights up and says:
` DRAGON STING ` and fades. I don't get it, I hope you do.

>Take Rug
OK

>Take Bottle
OK

>Go Down

  +-------+  
  |     U |  
  |       |  
  |       |  
  +-------+  
I'm in a root chamber under the stump.

Obvious exits:
Up

You can see:
Dark hole

>Go Hole

  +-------+  
  |     U |  
  |       |  
  |       |  
  +-------+  
I'm in a semi-dark hole by the root chamber.

Obvious exits:
Up

You can see:
Ring of skeleton keys
Open door with a hallway beyond

>Go Hall

  +-------+  
  |     U |  
  |       |  
  | D     |  
  +-------+  
I'm in a long down sloping hall.

Obvious exits:
Up Down

>Go Down

      |      
  +---N---+  
  |     U |  
--W       |  
  | D     |  
  +---S---+  
      |      
I'm in a large cavern.

Obvious exits:
North South West Up Down

>Go Down

      |      
  +---N---+  
  |       |  
  |       E--
  | D     |  
  +---S---+  
      |      
I'm in a maze of pits.

Obvious exits:
North South East Down

You can see:
Sign here says `Opposite of LIGHT is UNLIGHT`

>Go Down

  +-------+  
  |     U |  
--W       |  
  |       |  
  +-------+  
I'm in a maze of pits.

Obvious exits:
West Up

>Go West

      |      
  +---N---+  
  |     U |  
--W       E--
  | D     |  
  +---S---+  
      |      
I'm in a maze of pits.

Obvious exits:
North South East West Up Down

You can see:
Strange scratchings on rock says: `ALADIN was here`

>Go Down

      |      
  +---N---+  
  |     U |  
--W       E--
  | D     |  
  +---S---+  
      |      
I'm in a maze of pits.

Obvious exits:
North South East West Up Down

You can see:
Arrow pointing down

>Go Down

  +-------+  
  |     U |  
  |       |  
  |       |  
  +-------+  
I'm at the bottom of a very deep chasm. High above me is
a pair of ledges. One has a bricked up window across its face
the other faces a Throne-room.

Obvious exits:
Up

You can see:
Sign: `magic word's AWAY! Look la...`
(Rest of sign is missing!)
Stream of lava
Slightly woozy bear

>Dam Lava

  +-------+  
  |     U |  
  |       |  
  |       |  
  +-------+  
I'm at the bottom of a very deep chasm. High above me is
a pair of ledges. One has a bricked up window across its face
the other faces a Throne-room.

Obvious exits:
Up

You can see:
Glowing *FIRESTONE*
Sign: `magic word's AWAY! Look la...`
(Rest of sign is missing!)
Slightly woozy bear
Lava stream with brick dam

>Pour Water
Sizzle...

>Take Firestone
OK

>Say Away
Something I'm holding vibrates and...

      |      
  +---N---+  
  |     U |  
--W       E--
  | D     |  
  +---S---+  
      |      
I'm in a maze of pits.

Obvious exits:
North South East West Up Down

You can see:
Arrow pointing down

>Say Away
Something I'm holding vibrates and...

  +-------+  
  |       |  
--W       E--
  |       |  
  +---S---+  
      |      
I'm in a sunny meadow.

Obvious exits:
South East West

You can see:
Large sleeping dragon
Sign here says `In many cases mud is good. In others...`

>Go South

      |      
  +---N---+  
  |       |  
--W       E--
  |       |  
  +-------+  
I'm in a dismal swamp.

Obvious exits:
North East West

You can see:
-HOLLOW- stump and remains of a felled tree
Evil smelling mud
Swamp gas
Patches of `OILY` slime
Chiggers

>Go Stump

  +-------+  
  |     U |  
  |       |  
  | D     |  
  +-------+  
I'm in a damp hollow stump in the swamp.

Obvious exits:
Up Down

You can see:
*Pot of RUBIES*
*GOLDEN FISH*
Rusty axe (Magic word `BUNYON` on it)
Sign `Leave *TREASURES* here, then say: SCORE`
*GOLDEN NET*
*GOLD CROWN*
*MAGIC MIRROR*
*JEWELED FRUIT*
*Small statue of a BLUE OX*
*DIAMOND RING*
*DIAMOND BRACELET*

>Drop Firestone
OK

>Drop Bricks
OK

>Go Up

      |      
  +---N---+  
  |       |  
--W       E--
  |       |  
  +-------+  
I'm in a dismal swamp.

Obvious exits:
North East West

You can see:
-HOLLOW- stump and remains of a felled tree
Evil smelling mud
Swamp gas
Patches of `OILY` slime
Chiggers

>Take Mud
OK

>Go Stump

  +-------+  
  |     U |  
  |       |  
  | D     |  
  +-------+  
I'm in a damp hollow stump in the swamp.

Obvious exits:
Up Down

You can see:
*Pot of RUBIES*
*GOLDEN FISH*
Rusty axe (Magic word `BUNYON` on it)
Sign `Leave *TREASURES* here, then say: SCORE`
*GOLDEN NET*
Loose fire bricks
*GOLD CROWN*
*MAGIC MIRROR*
*JEWELED FRUIT*
*Small statue of a BLUE OX*
*DIAMOND RING*
*DIAMOND BRACELET*
*FIRESTONE* (cold now)

>Go Down

  +-------+  
  |     U |  
  |       |  
  |       |  
  +-------+  
I'm in a root chamber under the stump.

Obvious exits:
Up

You can see:
Dark hole

>Go Hole

  +-------+  
  |     U |  
  |       |  
  |       |  
  +-------+  
I'm in a semi-dark hole by the root chamber.

Obvious exits:
Up

You can see:
Ring of skeleton keys
Open door with a hallway beyond

>Go Hall

  +-------+  
  |     U |  
  |       |  
  | D     |  
  +-------+  
I'm in a long down sloping hall.

Obvious exits:
Up Down

>Light Lamp
Lamp burns with a cold flameless blue glow.

>Go Down

      |      
  +---N---+  
  |     U |  
--W       |  
  | D     |  
  +---S---+  
      |      
I'm in a large cavern.

Obvious exits:
North South West Up Down

>Go North

      |      
  +---N---+  
  |       |  
  |       |  
  |       |  
  +---S---+  
      |      
I'm in a long tunnel. I hear buzzing ahead.

Obvious exits:
North South

>Go North

  +-------+  
  |       |  
  |       |  
  |       |  
  +---S---+  
      |      
I'm in a large 8 sided room.

Obvious exits:
South

You can see:
*ROYAL HONEY*
Large african bees

>Catch Bees
OK

>Take Honey
OK

>Drop Mud
OK

>Say Away
Something I'm holding vibrates and...

      |      
  +---N---+  
  |     U |  
--W       E--
  | D     |  
  +---S---+  
      |      
I'm in a maze of pits.

Obvious exits:
North South East West Up Down

You can see:
Arrow pointing down

>Say Away
Something I'm holding vibrates and...

  +-------+  
  |       |  
--W       E--
  |       |  
  +---S---+  
      |      
I'm in a sunny meadow.

Obvious exits:
South East West

You can see:
Large sleeping dragon
Sign here says `In many cases mud is good. In others...`

>Release Bees
The bees attack the dragon which gets so annoyed it gets up
and flys away...

>Take Eggs
OK

>Go South

      |      
  +---N---+  
  |       |  
--W       E--
  |       |  
  +-------+  
I'm in a dismal swamp.

Obvious exits:
North East West

You can see:
-HOLLOW- stump and remains of a felled tree
Swamp gas
Patches of `OILY` slime
Chiggers

>Go Stump

  +-------+  
  |     U |  
  |       |  
  | D     |  
  +-------+  
I'm in a damp hollow stump in the swamp.

Obvious exits:
Up Down

You can see:
*Pot of RUBIES*
*GOLDEN FISH*
Rusty axe (Magic word `BUNYON` on it)
Sign `Leave *TREASURES* here, then say: SCORE`
*GOLDEN NET*
Loose fire bricks
*GOLD CROWN*
*MAGIC MIRROR*
*JEWELED FRUIT*
*Small statue of a BLUE OX*
*DIAMOND RING*
*DIAMOND BRACELET*
*FIRESTONE* (cold now)

>Drop Honey

>Drop Rug
OK

>Drop Eggs
OK

>Score
I've stored 13 treasures.
On a scale of 0 to 100 that rates a 100.
Well done.
